
============================================================
AI ATTENDANCE SYSTEM - SYSTEM TEST
============================================================

============================================================
Testing Package Imports
============================================================
  [PASS] opencv-python
  [PASS] Pillow
  [PASS] python-docx
  [PASS] schedule
  [FAIL] deepface - NOT INSTALLED
  [PASS] numpy

============================================================
Testing Directory Structure
============================================================
  [PASS] Data Directory: C:\Users\ombha\OneDrive\Desktop\adp\cam\tests\..\data
  [PASS] Images Directory: C:\Users\ombha\OneDrive\Desktop\adp\cam\tests\..\data\images
  [PASS] Logs Directory: C:\Users\ombha\OneDrive\Desktop\adp\cam\tests\..\data\logs
  [PASS] Reports Directory: C:\Users\ombha\OneDrive\Desktop\adp\cam\tests\..\data\reports
  [PASS] Student Dataset: C:\Users\ombha\OneDrive\Desktop\adp\cam\tests\..\data\student_dataset

============================================================
Testing System Modules
============================================================
  [PASS] image_capture.py
  [FAIL] face_recognition_module.py - No module named 'deepface'
  [FAIL] emotion_detection.py - No module named 'deepface'
  [PASS] report_generator.py
  [PASS] email_automation.py
  [PASS] data_cleanup.py

============================================================
Testing Camera
============================================================
  [PASS] Camera 0 is working
    Resolution: 640x480

============================================================
Testing Student Dataset
============================================================
  [PASS] Found 6 student(s):
    - 10_Om_Bhamare: 5 image(s)
    - 11_xyz: 5 image(s)
    - 17_Prathamesh_Dhanwate: 5 image(s)
    - 1_Rakesh_bare: 5 image(s)
    - 2_Gavrao_Pacholkar: 5 image(s)
    - 3_Sai_Gangurge: 5 image(s)

============================================================
Testing Face Recognition
============================================================
  [FAIL] Face recognition test failed: No module named 'deepface'

============================================================
Testing Email Configuration
============================================================
  SMTP Server: smtp.gmail.com:587
  Sender Email: your.email@gmail.com
  [WARN] Email password not configured
    Update SENDER_PASSWORD in config.py

============================================================
TEST SUMMARY
============================================================
  [FAIL] - Package Imports
  [PASS] - Directory Structure
  [FAIL] - System Modules
  [PASS] - Camera
  [PASS] - Student Dataset
  [FAIL] - Face Recognition
  [FAIL] - Email Configuration

Results: 3/7 tests passed

[WARN] Some tests failed. Please fix the issues above.

Common fixes:
  - Install missing packages: pip install -r requirements.txt
  - Add student photos to data/student_dataset/
  - Configure email in config.py
  - Check camera permissions
